Microchip MPLAB XC8 Compiler V2.10 ()

Linker command line:

-W-3 --edf=C:\Program Files (x86)\Microchip\xc8\v2.10\pic\dat\en_msgs.txt \
  -cs -h+dist/default/production\Laboratorio_5_Master.X.production.sym \
  --cmf=dist/default/production\Laboratorio_5_Master.X.production.cmf -z \
  -Q16F887 -oC:\Users\jorge\AppData\Local\Temp\s2s0.2 \
  --defsym=__MPLAB_BUILD=1 \
  -Mdist/default/production/Laboratorio_5_Master.X.production.map -E1 \
  -ver=XC8 --acfsm=1493 -ASTACK=0110h-016Fh -pstack=STACK \
  -ACODE=00h-07FFhx4 -ASTRCODE=00h-01FFFh -ASTRING=00h-0FFhx32 \
  -ACONST=00h-0FFhx32 -AENTRY=00h-0FFhx32 -ACOMMON=070h-07Fh \
  -ABANK0=020h-06Fh -ABANK1=0A0h-0EFh -ABANK2=0110h-016Fh \
  -ABANK3=0190h-01EFh -ARAM=020h-06Fh,0A0h-0EFh,0110h-016Fh,0190h-01EFh \
  -AABS1=020h-07Fh,0A0h-0EFh,0110h-016Fh,0190h-01EFh -ASFR0=00h-01Fh \
  -ASFR1=080h-09Fh -ASFR2=0100h-010Fh -ASFR3=0180h-018Fh \
  -preset_vec=00h,intentry,init,end_init -ppowerup=CODE -pcinit=CODE \
  -pfunctab=ENTRY -ACONFIG=02007h-02008h -pconfig=CONFIG -DCONFIG=2 \
  -AIDLOC=02000h-02003h -pidloc=IDLOC -DIDLOC=2 -AEEDATA=00h-0FFh/02100h \
  -peeprom_data=EEDATA -DEEDATA=2 -DCODE=2 -DSTRCODE=2 -DSTRING=2 -DCONST=2 \
  -DENTRY=2 -k C:\Users\jorge\AppData\Local\Temp\s2s0.o \
  dist/default/production\Laboratorio_5_Master.X.production.o 

Object code version is 3.11

Machine type is 16F887



                Name                               Link     Load   Length Selector   Space Scale
C:\Users\jorge\AppData\Local\Temp\s2s0.o
                end_init                              0        0        3        0       0
                config                             2007     2007        2     400E       0
dist/default/production\Laboratorio_5_Master.X.production.o
                cinit                               7F9      7F9        7      FF2       0
                text13                              6DE      6DE       66      DBC       0
                text12                              615      615       38      C2A       0
                text11                              597      597        D      B2E       0
                text10                              5E7      5E7       2E      BCE       0
                text9                               57B      57B        9      AF6       0
                text8                               584      584        9      B08       0
                text7                               58D      58D        A      B1A       0
                text6                               5A4      5A4       14      B48       0
                text5                               68F      68F       4F      D1E       0
                text4                               574      574        7      AE8       0
                text3                               5CC      5CC       1B      B98       0
                text2                               5B8      5B8       14      B70       0
                text1                               64D      64D       42      C9A       0
                maintext                            744      744       B5      E88       0
                cstackBANK0                          20       20        B       20       1
                cstackCOMMON                         70       70        E       70       1
                bssBANK0                             2B       2B        1       20       1
                strings                               3        3       22        6       0

TOTAL           Name                               Link     Load   Length     Space
        CLASS   STACK          

        CLASS   CODE           
                end_init                              0        0        3         0
                cinit                               7F9      7F9        7         0
                text13                              6DE      6DE       66         0
                text12                              615      615       38         0
                text11                              597      597        D         0
                text10                              5E7      5E7       2E         0
                text9                               57B      57B        9         0
                text8                               584      584        9         0
                text7                               58D      58D        A         0
                text6                               5A4      5A4       14         0
                text5                               68F      68F       4F         0
                text4                               574      574        7         0
                text3                               5CC      5CC       1B         0
                text2                               5B8      5B8       14         0
                text1                               64D      64D       42         0
                maintext                            744      744       B5         0

        CLASS   STRCODE        

        CLASS   STRING         
                strings                               3        3       22         0

        CLASS   CONST          

        CLASS   ENTRY          

        CLASS   COMMON         
                cstackCOMMON                         70       70        E         1

        CLASS   BANK0          
                cstackBANK0                          20       20        B         1
                bssBANK0                             2B       2B        1         1

        CLASS   BANK1          

        CLASS   BANK2          

        CLASS   BANK3          

        CLASS   RAM            

        CLASS   ABS1           
                abs_s1                               7E       7E        2         1

        CLASS   SFR0           

        CLASS   SFR1           

        CLASS   SFR2           

        CLASS   SFR3           

        CLASS   CONFIG         
                config                             2007     2007        2         0

        CLASS   IDLOC          

        CLASS   EEDATA         



SEGMENTS        Name                           Load    Length   Top    Selector   Space  Class     Delta

                reset_vec                      000000  000003  000003         0       0  CODE        2
                strings                        000003  000022  000025         6       0  STRING      2
                cstackBANK0                    000020  00000C  00002C        20       1  BANK0       1
                cstackCOMMON                   000070  00000E  00007E        70       1  COMMON      1
                text4                          000574  000007  00057B       AE8       0  CODE        2
                text9                          00057B  000009  000584       AF6       0  CODE        2
                text8                          000584  000009  00058D       B08       0  CODE        2
                text7                          00058D  00000A  000597       B1A       0  CODE        2
                text11                         000597  00000D  0005A4       B2E       0  CODE        2
                text6                          0005A4  000014  0005B8       B48       0  CODE        2
                text2                          0005B8  000014  0005CC       B70       0  CODE        2
                text3                          0005CC  00001B  0005E7       B98       0  CODE        2
                text10                         0005E7  00002E  000615       BCE       0  CODE        2
                text12                         000615  000038  00064D       C2A       0  CODE        2
                text1                          00064D  000042  00068F       C9A       0  CODE        2
                text5                          00068F  00004F  0006DE       D1E       0  CODE        2
                text13                         0006DE  000066  000744       DBC       0  CODE        2
                maintext                       000744  0000B5  0007F9       E88       0  CODE        2
                cinit                          0007F9  000007  000800       FF2       0  CODE        2
                config                         002007  000002  002009      400E       0  CONFIG      2


UNUSED ADDRESS RANGES

        Name                Unused          Largest block    Delta
        BANK0            002C-006F             44           1
        BANK1            00A0-00EF             50           1
        BANK2            0110-016F             60           1
        BANK3            0190-01EF             60           1
        CODE             0025-0573            54F           2
                         0800-1FFF            800
        CONST            0025-0573            100           2
                         0800-1FFF            100
        EEDATA           2100-21FF            100           2
        ENTRY            0025-0573            100           2
                         0800-1FFF            100
        IDLOC            2000-2003              4           2
        RAM              002C-006F             44           1
                         00A0-00EF             50
                         0110-016F             60
                         0190-01EF             60
        SFR0             0000-001F             20           1
        SFR1             0080-009F             20           1
        SFR2             0100-010F             10           1
        SFR3             0180-018F             10           1
        STACK            0110-016F             60           1
        STRCODE          0025-0573            54F           2
                         0800-1FFF           1800
        STRING           0025-0573            100           2
                         0800-1FFF            100

                                  Symbol Table

?_I2C_Master_Read          cstackCOMMON 0070
?___lldiv                  cstackCOMMON 0070
I2C_Master_Init@c          cstackBANK0  0020
I2C_Master_Read@a          cstackCOMMON 0070
I2C_Master_Read@temp       cstackCOMMON 0074
I2C_Master_Write@d         cstackCOMMON 0070
_ANSEL                     (abs)        0188
_ANSELH                    (abs)        0189
_GIE                       (abs)        005F
_I2C_Master_Init           text12       0615
_I2C_Master_Read           text10       05E7
_I2C_Master_Start          text9        057B
_I2C_Master_Stop           text8        0584
_I2C_Master_Wait           text11       0597
_I2C_Master_Write          text7        058D
_PEIE                      (abs)        005E
_PORTA                     (abs)        0005
_PORTB                     (abs)        0006
_PORTBbits                 (abs)        0006
_PORTD                     (abs)        0008
_SSPADD                    (abs)        0093
_SSPBUF                    (abs)        0013
_SSPCON                    (abs)        0014
_SSPCON2                   (abs)        0091
_SSPCON2bits               (abs)        0091
_SSPIE                     (abs)        0463
_SSPIF                     (abs)        0063
_SSPSTAT                   (abs)        0094
_TRISA                     (abs)        0085
_TRISB                     (abs)        0086
_TRISC3                    (abs)        043B
_TRISC4                    (abs)        043C
_TRISCbits                 (abs)        0087
_TRISD                     (abs)        0088
__CFG_BOR4V$BOR40V         (abs)        0000
__CFG_BOREN$OFF            (abs)        0000
__CFG_CP$OFF               (abs)        0000
__CFG_CPD$OFF              (abs)        0000
__CFG_FCMEN$OFF            (abs)        0000
__CFG_FOSC$INTRC_NOCLKOUT  (abs)        0000
__CFG_IESO$OFF             (abs)        0000
__CFG_LVP$OFF              (abs)        0000
__CFG_MCLRE$OFF            (abs)        0000
__CFG_PWRTE$OFF            (abs)        0000
__CFG_WDTE$OFF             (abs)        0000
__CFG_WRT$OFF              (abs)        0000
__Habs1                    abs1         0000
__Hbank0                   bank0        0000
__Hbank1                   bank1        0000
__Hbank2                   bank2        0000
__Hbank3                   bank3        0000
__HbssBANK0                bssBANK0     0000
__Hcinit                   cinit        0800
__Hclrtext                 clrtext      0000
__Hcode                    code         0000
__Hcommon                  common       0000
__Hconfig                  config       2009
__HcstackBANK0             cstackBANK0  0000
__HcstackCOMMON            cstackCOMMON 0000
__Heeprom_data             eeprom_data  0000
__Hend_init                end_init     0003
__Hfunctab                 functab      0000
__Hidloc                   idloc        0000
__Hinit                    init         0000
__Hintentry                intentry     0000
__Hmaintext                maintext     0000
__Hpowerup                 powerup      0000
__Hram                     ram          0000
__Hreset_vec               reset_vec    0000
__Hsfr0                    sfr0         0000
__Hsfr1                    sfr1         0000
__Hsfr2                    sfr2         0000
__Hsfr3                    sfr3         0000
__Hspace_0                 (abs)        2009
__Hspace_1                 (abs)        007E
__Hspace_2                 (abs)        0000
__Hspace_3                 (abs)        0000
__Hstack                   stack        0000
__Hstrings                 strings      0000
__Htext                    text         0000
__Labs1                    abs1         0000
__Lbank0                   bank0        0000
__Lbank1                   bank1        0000
__Lbank2                   bank2        0000
__Lbank3                   bank3        0000
__LbssBANK0                bssBANK0     0000
__Lcinit                   cinit        07F9
__Lclrtext                 clrtext      0000
__Lcode                    code         0000
__Lcommon                  common       0000
__Lconfig                  config       2007
__LcstackBANK0             cstackBANK0  0000
__LcstackCOMMON            cstackCOMMON 0000
__Leeprom_data             eeprom_data  0000
__Lend_init                end_init     0000
__Lfunctab                 functab      0000
__Lidloc                   idloc        0000
__Linit                    init         0000
__Lintentry                intentry     0000
__Lmaintext                maintext     0000
__Lpowerup                 powerup      0000
__Lram                     ram          0000
__Lreset_vec               reset_vec    0000
__Lsfr0                    sfr0         0000
__Lsfr1                    sfr1         0000
__Lsfr2                    sfr2         0000
__Lsfr3                    sfr3         0000
__Lspace_0                 (abs)        0000
__Lspace_1                 (abs)        0000
__Lspace_2                 (abs)        0000
__Lspace_3                 (abs)        0000
__Lstack                   stack        0000
__Lstrings                 strings      0000
__Ltext                    text         0000
__S0                       (abs)        2009
__S1                       (abs)        007E
__S2                       (abs)        0000
__S3                       (abs)        0000
___int_sp                  stack        0000
___latbits                 (abs)        0002
___lldiv                   text13       06DE
___lldiv@counter           cstackCOMMON 007D
___lldiv@dividend          cstackCOMMON 0074
___lldiv@divisor           cstackCOMMON 0070
___lldiv@quotient          cstackCOMMON 0079
___sp                      stack        0000
___stackhi                 (abs)        0000
___stacklo                 (abs)        0000
__end_of_I2C_Master_Init   text12       064D
__end_of_I2C_Master_Read   text10       0615
__end_of_I2C_Master_Start  text9        0584
__end_of_I2C_Master_Stop   text8        058D
__end_of_I2C_Master_Wait   text11       05A4
__end_of_I2C_Master_Write  text7        0597
__end_of___lldiv           text13       0744
__end_of__initialization   cinit        07FC
__end_of__stringtab        strings      0013
__end_of_initLCD           text5        06DE
__end_of_lcd_clr           text4        057B
__end_of_lcd_cmd           text6        05B8
__end_of_lcd_set_cursor    text3        05E7
__end_of_lcd_write_char    text2        05CC
__end_of_lcd_write_string  text1        068F
__end_of_main              maintext     07F9
__initialization           cinit        07F9
__pbssBANK0                bssBANK0     002B
__pcstackBANK0             cstackBANK0  0020
__pcstackCOMMON            cstackCOMMON 0070
__pmaintext                maintext     0744
__pstrings                 strings      0003
__ptext1                   text1        064D
__ptext10                  text10       05E7
__ptext11                  text11       0597
__ptext12                  text12       0615
__ptext13                  text13       06DE
__ptext2                   text2        05B8
__ptext3                   text3        05CC
__ptext4                   text4        0574
__ptext5                   text5        068F
__ptext6                   text6        05A4
__ptext7                   text7        058D
__ptext8                   text8        0584
__ptext9                   text9        057B
__size_of_I2C_Master_Init  (abs)        0000
__size_of_I2C_Master_Read  (abs)        0000
__size_of_I2C_Master_Start (abs)        0000
__size_of_I2C_Master_Stop  (abs)        0000
__size_of_I2C_Master_Wait  (abs)        0000
__size_of_I2C_Master_Write (abs)        0000
__size_of___lldiv          (abs)        0000
__size_of_initLCD          (abs)        0000
__size_of_lcd_clr          (abs)        0000
__size_of_lcd_cmd          (abs)        0000
__size_of_lcd_set_cursor   (abs)        0000
__size_of_lcd_write_char   (abs)        0000
__size_of_lcd_write_string (abs)        0000
__size_of_main             (abs)        0000
__stringbase               strings      0012
__stringtab                strings      0003
_initLCD                   text5        068F
_lcd_clr                   text4        0574
_lcd_cmd                   text6        05A4
_lcd_set_cursor            text3        05CC
_lcd_write_char            text2        05B8
_lcd_write_string          text1        064D
_main                      maintext     0744
btemp                      (abs)        007E
end_of_initialization      cinit        07FC
intlevel0                  functab      0000
intlevel1                  functab      0000
intlevel2                  functab      0000
intlevel3                  functab      0000
intlevel4                  functab      0000
intlevel5                  functab      0000
lcd_cmd@command            cstackCOMMON 0072
lcd_set_cursor@posx        cstackCOMMON 0074
lcd_set_cursor@posy        cstackCOMMON 0073
lcd_write_char@var         cstackCOMMON 0072
lcd_write_string@i         cstackCOMMON 0078
lcd_write_string@var       cstackCOMMON 0073
reset_vec                  reset_vec    0000
start                      init         0000
start_initialization       cinit        07F9
wtemp0                     (abs)        007E


FUNCTION INFORMATION:

 *************** function _main *****************
 Defined at:
		line 48 in file "I2C_Master.c"
 Parameters:    Size  Location     Type
		None
 Auto vars:     Size  Location     Type
		None
 Return value:  Size  Location     Type
                  1    wreg      void 
 Registers used:
		wreg, fsr0l, fsr0h, status,2, status,0, btemp+1, pclath, cstack
 Tracked objects:
		On entry : 
		On exit  : 
		Unchanged: 
 Data sizes:     COMMON   BANK0   BANK1   BANK3   BANK2
      Params:         0       0       0       0       0
      Locals:         0       0       0       0       0
      Temps:          0       3       0       0       0
      Totals:         0       3       0       0       0
Total ram usage:        3 bytes
 Hardware stack levels required when called:    2
 This function calls:
		_I2C_Master_Init
		_I2C_Master_Read
		_I2C_Master_Start
		_I2C_Master_Stop
		_I2C_Master_Write
		_initLCD
		_lcd_clr
		_lcd_set_cursor
		_lcd_write_string
 This function is called by:
		Startup code after reset
 This function uses a non-reentrant model


 *************** function _lcd_write_string *****************
 Defined at:
		line 59 in file "LCD_Init.c"
 Parameters:    Size  Location     Type
  var             2    3[COMMON] PTR unsigned char 
		 -> lcd_write_int@buffer(4), STR_3(5), STR_2(6), STR_1(4), 
 Auto vars:     Size  Location     Type
  i               2    8[COMMON] int 
 Return value:  Size  Location     Type
                  1    wreg      void 
 Registers used:
		wreg, fsr0l, fsr0h, status,2, status,0, btemp+1, pclath, cstack
 Tracked objects:
		On entry : 
		On exit  : 
		Unchanged: 
 Data sizes:     COMMON   BANK0   BANK1   BANK3   BANK2
      Params:         2       0       0       0       0
      Locals:         2       0       0       0       0
      Temps:          3       0       0       0       0
      Totals:         7       0       0       0       0
Total ram usage:        7 bytes
 Hardware stack levels used:    1
 Hardware stack levels required when called:    1
 This function calls:
		_lcd_write_char
 This function is called by:
		_main
		_lcd_write_int
 This function uses a non-reentrant model


 *************** function _lcd_write_char *****************
 Defined at:
		line 51 in file "LCD_Init.c"
 Parameters:    Size  Location     Type
  var             1    wreg     unsigned char 
 Auto vars:     Size  Location     Type
  var             1    2[COMMON] unsigned char 
 Return value:  Size  Location     Type
                  1    wreg      void 
 Registers used:
		wreg
 Tracked objects:
		On entry : 
		On exit  : 
		Unchanged: 
 Data sizes:     COMMON   BANK0   BANK1   BANK3   BANK2
      Params:         0       0       0       0       0
      Locals:         1       0       0       0       0
      Temps:          2       0       0       0       0
      Totals:         3       0       0       0       0
Total ram usage:        3 bytes
 Hardware stack levels used:    1
 This function calls:
		Nothing
 This function is called by:
		_lcd_write_string
 This function uses a non-reentrant model


 *************** function _lcd_set_cursor *****************
 Defined at:
		line 42 in file "LCD_Init.c"
 Parameters:    Size  Location     Type
  posx            1    wreg     unsigned char 
  posy            1    3[COMMON] unsigned char 
 Auto vars:     Size  Location     Type
  posx            1    4[COMMON] unsigned char 
 Return value:  Size  Location     Type
                  1    wreg      void 
 Registers used:
		wreg, status,2, status,0, pclath, cstack
 Tracked objects:
		On entry : 
		On exit  : 
		Unchanged: 
 Data sizes:     COMMON   BANK0   BANK1   BANK3   BANK2
      Params:         1       0       0       0       0
      Locals:         1       0       0       0       0
      Temps:          0       0       0       0       0
      Totals:         2       0       0       0       0
Total ram usage:        2 bytes
 Hardware stack levels used:    1
 Hardware stack levels required when called:    1
 This function calls:
		_lcd_cmd
 This function is called by:
		_main
 This function uses a non-reentrant model


 *************** function _lcd_clr *****************
 Defined at:
		line 38 in file "LCD_Init.c"
 Parameters:    Size  Location     Type
		None
 Auto vars:     Size  Location     Type
		None
 Return value:  Size  Location     Type
                  1    wreg      void 
 Registers used:
		wreg, status,2, status,0, pclath, cstack
 Tracked objects:
		On entry : 
		On exit  : 
		Unchanged: 
 Data sizes:     COMMON   BANK0   BANK1   BANK3   BANK2
      Params:         0       0       0       0       0
      Locals:         0       0       0       0       0
      Temps:          0       0       0       0       0
      Totals:         0       0       0       0       0
Total ram usage:        0 bytes
 Hardware stack levels used:    1
 Hardware stack levels required when called:    1
 This function calls:
		_lcd_cmd
 This function is called by:
		_main
 This function uses a non-reentrant model


 *************** function _initLCD *****************
 Defined at:
		line 9 in file "LCD_Init.c"
 Parameters:    Size  Location     Type
		None
 Auto vars:     Size  Location     Type
		None
 Return value:  Size  Location     Type
                  1    wreg      void 
 Registers used:
		wreg, status,2, status,0, pclath, cstack
 Tracked objects:
		On entry : 
		On exit  : 
		Unchanged: 
 Data sizes:     COMMON   BANK0   BANK1   BANK3   BANK2
      Params:         0       0       0       0       0
      Locals:         0       0       0       0       0
      Temps:          2       0       0       0       0
      Totals:         2       0       0       0       0
Total ram usage:        2 bytes
 Hardware stack levels used:    1
 Hardware stack levels required when called:    1
 This function calls:
		_lcd_cmd
 This function is called by:
		_main
 This function uses a non-reentrant model


 *************** function _lcd_cmd *****************
 Defined at:
		line 30 in file "LCD_Init.c"
 Parameters:    Size  Location     Type
  command         1    wreg     unsigned char 
 Auto vars:     Size  Location     Type
  command         1    2[COMMON] unsigned char 
 Return value:  Size  Location     Type
                  1    wreg      void 
 Registers used:
		wreg
 Tracked objects:
		On entry : 
		On exit  : 
		Unchanged: 
 Data sizes:     COMMON   BANK0   BANK1   BANK3   BANK2
      Params:         0       0       0       0       0
      Locals:         1       0       0       0       0
      Temps:          2       0       0       0       0
      Totals:         3       0       0       0       0
Total ram usage:        3 bytes
 Hardware stack levels used:    1
 This function calls:
		Nothing
 This function is called by:
		_initLCD
		_lcd_clr
		_lcd_set_cursor
 This function uses a non-reentrant model


 *************** function _I2C_Master_Write *****************
 Defined at:
		line 54 in file "I2C_Init.c"
 Parameters:    Size  Location     Type
  d               2    0[COMMON] unsigned int 
 Auto vars:     Size  Location     Type
		None
 Return value:  Size  Location     Type
                  1    wreg      void 
 Registers used:
		wreg, status,2, status,0, pclath, cstack
 Tracked objects:
		On entry : 
		On exit  : 
		Unchanged: 
 Data sizes:     COMMON   BANK0   BANK1   BANK3   BANK2
      Params:         2       0       0       0       0
      Locals:         0       0       0       0       0
      Temps:          0       0       0       0       0
      Totals:         2       0       0       0       0
Total ram usage:        2 bytes
 Hardware stack levels used:    1
 Hardware stack levels required when called:    1
 This function calls:
		_I2C_Master_Wait
 This function is called by:
		_main
 This function uses a non-reentrant model


 *************** function _I2C_Master_Stop *****************
 Defined at:
		line 44 in file "I2C_Init.c"
 Parameters:    Size  Location     Type
		None
 Auto vars:     Size  Location     Type
		None
 Return value:  Size  Location     Type
                  1    wreg      void 
 Registers used:
		wreg, status,2, status,0, pclath, cstack
 Tracked objects:
		On entry : 
		On exit  : 
		Unchanged: 
 Data sizes:     COMMON   BANK0   BANK1   BANK3   BANK2
      Params:         0       0       0       0       0
      Locals:         0       0       0       0       0
      Temps:          0       0       0       0       0
      Totals:         0       0       0       0       0
Total ram usage:        0 bytes
 Hardware stack levels used:    1
 Hardware stack levels required when called:    1
 This function calls:
		_I2C_Master_Wait
 This function is called by:
		_main
 This function uses a non-reentrant model


 *************** function _I2C_Master_Start *****************
 Defined at:
		line 28 in file "I2C_Init.c"
 Parameters:    Size  Location     Type
		None
 Auto vars:     Size  Location     Type
		None
 Return value:  Size  Location     Type
                  1    wreg      void 
 Registers used:
		wreg, status,2, status,0, pclath, cstack
 Tracked objects:
		On entry : 
		On exit  : 
		Unchanged: 
 Data sizes:     COMMON   BANK0   BANK1   BANK3   BANK2
      Params:         0       0       0       0       0
      Locals:         0       0       0       0       0
      Temps:          0       0       0       0       0
      Totals:         0       0       0       0       0
Total ram usage:        0 bytes
 Hardware stack levels used:    1
 Hardware stack levels required when called:    1
 This function calls:
		_I2C_Master_Wait
 This function is called by:
		_main
 This function uses a non-reentrant model


 *************** function _I2C_Master_Read *****************
 Defined at:
		line 63 in file "I2C_Init.c"
 Parameters:    Size  Location     Type
  a               2    0[COMMON] unsigned short 
 Auto vars:     Size  Location     Type
  temp            2    4[COMMON] unsigned short 
 Return value:  Size  Location     Type
                  2    0[COMMON] unsigned short 
 Registers used:
		wreg, status,2, status,0, pclath, cstack
 Tracked objects:
		On entry : 
		On exit  : 
		Unchanged: 
 Data sizes:     COMMON   BANK0   BANK1   BANK3   BANK2
      Params:         2       0       0       0       0
      Locals:         2       0       0       0       0
      Temps:          2       0       0       0       0
      Totals:         6       0       0       0       0
Total ram usage:        6 bytes
 Hardware stack levels used:    1
 Hardware stack levels required when called:    1
 This function calls:
		_I2C_Master_Wait
 This function is called by:
		_main
 This function uses a non-reentrant model


 *************** function _I2C_Master_Wait *****************
 Defined at:
		line 21 in file "I2C_Init.c"
 Parameters:    Size  Location     Type
		None
 Auto vars:     Size  Location     Type
		None
 Return value:  Size  Location     Type
                  1    wreg      void 
 Registers used:
		wreg, status,2
 Tracked objects:
		On entry : 
		On exit  : 
		Unchanged: 
 Data sizes:     COMMON   BANK0   BANK1   BANK3   BANK2
      Params:         0       0       0       0       0
      Locals:         0       0       0       0       0
      Temps:          0       0       0       0       0
      Totals:         0       0       0       0       0
Total ram usage:        0 bytes
 Hardware stack levels used:    1
 This function calls:
		Nothing
 This function is called by:
		_I2C_Master_Start
		_I2C_Master_Stop
		_I2C_Master_Write
		_I2C_Master_Read
		_I2C_Master_RepeatedStart
 This function uses a non-reentrant model


 *************** function _I2C_Master_Init *****************
 Defined at:
		line 5 in file "I2C_Init.c"
 Parameters:    Size  Location     Type
  c               4    0[BANK0 ] const unsigned long 
 Auto vars:     Size  Location     Type
		None
 Return value:  Size  Location     Type
                  1    wreg      void 
 Registers used:
		wreg, status,2, status,0, pclath, cstack
 Tracked objects:
		On entry : 
		On exit  : 
		Unchanged: 
 Data sizes:     COMMON   BANK0   BANK1   BANK3   BANK2
      Params:         0       4       0       0       0
      Locals:         0       0       0       0       0
      Temps:          0       4       0       0       0
      Totals:         0       8       0       0       0
Total ram usage:        8 bytes
 Hardware stack levels used:    1
 Hardware stack levels required when called:    1
 This function calls:
		___lldiv
 This function is called by:
		_main
 This function uses a non-reentrant model


 *************** function ___lldiv *****************
 Defined at:
		line 5 in file "C:\Program Files (x86)\Microchip\xc8\v2.10\pic\sources\c90\common\__lldiv.c"
 Parameters:    Size  Location     Type
  divisor         4    0[COMMON] unsigned long 
  dividend        4    4[COMMON] unsigned long 
 Auto vars:     Size  Location     Type
  quotient        4    9[COMMON] unsigned long 
  counter         1   13[COMMON] unsigned char 
 Return value:  Size  Location     Type
                  4    0[COMMON] unsigned long 
 Registers used:
		wreg, status,2, status,0
 Tracked objects:
		On entry : 
		On exit  : 
		Unchanged: 
 Data sizes:     COMMON   BANK0   BANK1   BANK3   BANK2
      Params:         8       0       0       0       0
      Locals:         5       0       0       0       0
      Temps:          1       0       0       0       0
      Totals:        14       0       0       0       0
Total ram usage:       14 bytes
 Hardware stack levels used:    1
 This function calls:
		Nothing
 This function is called by:
		_I2C_Master_Init
 This function uses a non-reentrant model



MODULE INFORMATION

Module		Function		Class		Link	Load	Size
I2C_Master.c
		_main          		CODE           	0744	0000	182

I2C_Master.c estimated size: 182

C:\Program Files (x86)\Microchip\xc8\v2.10\pic\sources\c90\common\__lldiv.c
		___lldiv       		CODE           	06DE	0000	103

C:\Program Files (x86)\Microchip\xc8\v2.10\pic\sources\c90\common\__lldiv.c estimated size: 103

shared
		__stringtab    		STRING         	0003	0000	17
		__initialization		CODE           	07F9	0000	4

shared estimated size: 21

I2C_Init.c
		_I2C_Master_Read		CODE           	05E7	0000	47
		_I2C_Master_Wait		CODE           	0597	0000	14
		_I2C_Master_Init		CODE           	0615	0000	57
		_I2C_Master_Stop		CODE           	0584	0000	10
		_I2C_Master_Write		CODE           	058D	0000	11
		_I2C_Master_Start		CODE           	057B	0000	10

I2C_Init.c estimated size: 149

LCD_Init.c
		_lcd_write_char		CODE           	05B8	0000	21
		_lcd_cmd       		CODE           	05A4	0000	21
		_lcd_clr       		CODE           	0574	0000	8
		_lcd_set_cursor		CODE           	05CC	0000	28
		_lcd_write_string		CODE           	064D	0000	67
		_initLCD       		CODE           	068F	0000	80

LCD_Init.c estimated size: 225

